<html>
<body>
<pre>
<h1>礦ision Build Log</h1>
<h2>Tool Versions:</h2>
IDE-Version: μVision V5.14.0.0
Copyright (C) 2015 ARM Ltd and ARM Germany GmbH. All rights reserved.
License Information: binjun binjun, binjun, LIC=NHYBS-LGDNS-KTC3H-W2LM0-NM03Q-0Z908
 
Tool Versions:
Toolchain:       MDK-ARM Professional  Version: 5.14.0.0
Toolchain Path:  G:\Program Files\KEIL5\ARM\ARMCC\Bin
C Compiler:      Armcc.exe V5.05 update 1 (build 106)
Assembler:       Armasm.exe V5.05 update 1 (build 106)
Linker/Locator:  ArmLink.exe V5.05 update 1 (build 106)
Library Manager: ArmAr.exe V5.05 update 1 (build 106)
Hex Converter:   FromElf.exe V5.05 update 1 (build 106)
CPU DLL:         SARMCM3.DLL V5.14.0.0
Dialog DLL:      DARMSTM.DLL V1.65.0.0
Target DLL:      Segger\JL2CM3.dll V2.99.13.0
Dialog DLL:      TARMSTM.DLL V1.64.0.0
 
<h2>Project:</h2>
Z:\workplace_课程\郝应光_面向对象编程\作业\大作业\下位机程序\USER\TOUCH.uvproj
Project File Date:  01/19/2018

<h2>Output:</h2>
Rebuild target 'Target 1'
compiling main.c...
compiling test.c...
test.c(186): warning:  #177-D: variable "n" was declared but never referenced
        u8 i=0,j=0,n=0;
test.c: 1 warning, 0 errors
compiling GUI.c...
compiling delay.c...
compiling system_stm32f10x.c...
compiling key.c...
compiling lcd.c...
compiling myiic.c...
compiling 24cxx.c...
compiling touch.c...
compiling uart.c...
compiling core_cm3.c...
assembling startup_stm32f10x_hd.s...
compiling misc.c...
compiling stm32f10x_gpio.c...
compiling stm32f10x_rcc.c...
compiling stm32f10x_spi.c...
compiling stm32f10x_usart.c...
compiling stm32f10x_fsmc.c...
linking...
Program Size: Code=20686 RO-data=11002 RW-data=312 ZI-data=1848  
FromELF: creating hex file...
"..\OBJ\TOUCH.axf" - 0 Error(s), 1 Warning(s).
</pre>
</body>
</html>
